[backblue.gif]
[fade.gif]
[index.html]
[zligger.com/index.html]
[zligger.com/images/hero3.jpg]
[zligger.com/ico/apple-touch-icon-144-precomposed.png]
[zligger.com/ico/apple-touch-icon-114-precomposed.png]
[zligger.com/ico/apple-touch-icon-72-precomposed.png]
[zligger.com/ico/apple-touch-icon-57-precomposed.png]
[zligger.com/ico/favicon.png]
[zligger.com/images/logo-light.png]
[zligger.com/images/hero1.jpg]
[zligger.com/images/mouse.png]
[zligger.com/images/icon2-des.png]
[zligger.com/images/icon2-dev.png]
[zligger.com/images/icon3-des.png]
[zligger.com/images/icon3-dev.png]
[zligger.com/images/icon7.png]
[zligger.com/images/icon8.png]
[zligger.com/images/icon1.png]
[zligger.com/images/icon4.png]
[zligger.com/images/logo1.jpg]
[zligger.com/images/logo4.jpg]
[zligger.com/images/logo2.jpg]
[zligger.com/images/logo3.jpg]
[zligger.com/images/logo6.jpg]
[zligger.com/images/logo7.jpg]
[zligger.com/images/icon5.png]
[zligger.com/images/icon6.png]
[zligger.com/js/jquery.min.js]
[zligger.com/js/bootstrap.min.js]
[zligger.com/js/jquery.form.js]
[zligger.com/js/jquery.validate.min.js]
[zligger.com/js/jquery.counterup.min.js]
[zligger.com/js/isotope.min.js]
[zligger.com/js/masonry.js]
[zligger.com/js/wow.js]
[zligger.com/js/owl.carousel.js]
[zligger.com/js/jquery.stellar.js]
[zligger.com/js/jquery.fancybox8cbb.js]
[zligger.com/js/jquery.themepunch.tools.min.js]
[zligger.com/js/jquery.themepunch.revolution.min.js]
[zligger.com/js/settings.js]
[zligger.com/js/scripts.js]
[zligger.com/index-2.html]
[zligger.com/css/animate.css]
[zligger.com/css/owl.video.play.32.delayed]
[zligger.com/css/owl.carousel.css]
[zligger.com/css/fancybox_sprite.33.delayed]
[zligger.com/css/fancybox_loading.34.delayed]
[zligger.com/css/blank.35.delayed]
[zligger.com/css/fancybox_sprite@2x.36.delayed]
[zligger.com/css/fancybox_loading@2x.37.delayed]
[zligger.com/css/jquery.fancybox8cbb.css]
[zligger.com/font/revicons.3890c6.delayed]
[zligger.com/font/revicons.3990c6.delayed]
[zligger.com/font/revicons.3a90c6.delayed]
[zligger.com/font/revicons.3b90c6.delayed]
[zligger.com/assets/gridtile.3c.delayed]
[zligger.com/assets/gridtile_white.3d.delayed]
[zligger.com/assets/gridtile_3x3.3e.delayed]
[zligger.com/assets/gridtile_3x3_white.3f.delayed]
[zligger.com/assets/shadow1.40.delayed]
[zligger.com/assets/shadow2.41.delayed]
[zligger.com/assets/shadow3.42.delayed]
[zligger.com/images/gradient/g30.43.delayed]
[zligger.com/images/gradient/g40.44.delayed]
[zligger.com/assets/boxed_bgtile.45.delayed]
[zligger.com/assets/navigdots_bgtile.46.delayed]
[zligger.com/images/bullet.png]
[zligger.com/images/bullets.48.delayed]
[zligger.com/assets/bullets2.49.delayed]
[zligger.com/assets/bullet_boxed.4a.delayed]
[zligger.com/assets/navigdots.4b.delayed]
[zligger.com/assets/large_left.4c.delayed]
[zligger.com/assets/large_right.4d.delayed]
[zligger.com/images/small_left.png]
[zligger.com/images/small_right.png]
[zligger.com/assets/arrow_left.50.delayed]
[zligger.com/assets/arrow_right.51.delayed]
[zligger.com/assets/small_left_boxed.52.delayed]
[zligger.com/assets/small_right_boxed.53.delayed]
[zligger.com/assets/arrowleft.54.delayed]
[zligger.com/assets/arrowright.55.delayed]
[zligger.com/assets/arrow_left2.56.delayed]
[zligger.com/assets/arrow_right2.57.delayed]
[zligger.com/assets/coloredbg.58.delayed]
[zligger.com/assets/loader.59.delayed]
[zligger.com/css/settings.css]
[zligger.com/fonts/ionicons28b5.eot]
[zligger.com/fonts/ionicons28b5.ttf]
[zligger.com/fonts/ionicons28b5.woff]
[zligger.com/css/ionicons.css]
[zligger.com/fonts/glyphicons-halflings-regular.eot]
[zligger.com/fonts/glyphicons-halflings-regulard41d.eot]
[zligger.com/fonts/glyphicons-halflings-regular.woff2]
[zligger.com/fonts/glyphicons-halflings-regular.woff]
[zligger.com/fonts/glyphicons-halflings-regular.ttf]
[zligger.com/css/bootstrap.min.css]
[zligger.com/images/rainbow-bar.jpg]
[zligger.com/images/image1.jpg]
[zligger.com/images/icon-expand.png]
[zligger.com/images/hero2.jpg]
[zligger.com/css/style.css]
[zligger.com/css/owl.video.play.html]
[zligger.com/css/fancybox_sprite.html]
[zligger.com/css/fancybox_loading.html]
[zligger.com/css/blank.html]
[zligger.com/css/fancybox_sprite@2x.html]
[zligger.com/css/fancybox_loading@2x.html]
[zligger.com/font/revicons90c6.html]
[zligger.com/font/revicons90c6-2.html]
[zligger.com/font/revicons90c6-3.html]
[zligger.com/font/revicons90c6-4.html]
[zligger.com/assets/gridtile.html]
[zligger.com/assets/gridtile_white.html]
[zligger.com/assets/gridtile_3x3.html]
[zligger.com/assets/gridtile_3x3_white.html]
[zligger.com/assets/shadow1.html]
[zligger.com/assets/shadow2.html]
[zligger.com/assets/shadow3.html]
[zligger.com/images/gradient/g30.html]
[zligger.com/images/gradient/g40.html]
[zligger.com/assets/boxed_bgtile.html]
[zligger.com/assets/navigdots_bgtile.html]
[zligger.com/images/bullets.html]
[zligger.com/assets/bullets2.html]
[zligger.com/assets/bullet_boxed.html]
[zligger.com/assets/navigdots.html]
[zligger.com/assets/large_left.html]
[zligger.com/assets/large_right.html]
[zligger.com/assets/arrow_left.html]
[zligger.com/assets/arrow_right.html]
[zligger.com/assets/small_left_boxed.html]
[zligger.com/assets/small_right_boxed.html]
[zligger.com/assets/arrowleft.html]
[zligger.com/assets/arrowright.html]
[zligger.com/assets/arrow_left2.html]
[zligger.com/assets/arrow_right2.html]
[zligger.com/assets/coloredbg.html]
[zligger.com/assets/loader.html]
[zligger.com/fonts/ionicons28b5.svg]
[zligger.com/fonts/glyphicons-halflings-regular.svg]
[zligger.com/js/waypoints.min.js]
[zligger.com/js/contact-form.html]
